MPLINK 4.40, Linker
Linker Map File - Created Fri Jul 21 15:20:53 2023

                                 Section Info
                  Section       Type    Address   Location Size(Bytes)
                ---------  ---------  ---------  ---------  ---------
                   .org_0       code   0x000000    program   0x000000
                   .org_1       code   0x000000    program   0x000002
                   .org_2       code   0x000004    program   0x000002
                   .org_3       code   0x000020    program   0x0002b0
                   .org_4       code   0x000200    program   0x000024
.config_2007_RELOGIO - THIAGO AUGUSTO.O       code   0x002007    program   0x000002



                              Program Memory Usage 
                               Start         End      
                           ---------   ---------      
                            0x000000    0x000000      
                            0x000004    0x000004      
                            0x000020    0x000177      
                            0x000200    0x000211      
                            0x002007    0x002007      
            365 out of 8454 program addresses used, program memory utilization is 4%



                              Symbols - Sorted by Name
                     Name    Address   Location    Storage File                     
                ---------  ---------  ---------  --------- ---------                
               ajustHoraD   0x0000df    program     static C:\Users\Thiago\Documents\UFPE -Engenharia\Microcontroladores\Primeiro Trabalho - 2023.1\Relogio - Thiago Augusto.asm
               ajustHoraU   0x000111    program     static C:\Users\Thiago\Documents\UFPE -Engenharia\Microcontroladores\Primeiro Trabalho - 2023.1\Relogio - Thiago Augusto.asm
                   atraso   0x0000bc    program     static C:\Users\Thiago\Documents\UFPE -Engenharia\Microcontroladores\Primeiro Trabalho - 2023.1\Relogio - Thiago Augusto.asm
                contagens   0x000140    program     static C:\Users\Thiago\Documents\UFPE -Engenharia\Microcontroladores\Primeiro Trabalho - 2023.1\Relogio - Thiago Augusto.asm
                  display   0x00002b    program     static C:\Users\Thiago\Documents\UFPE -Engenharia\Microcontroladores\Primeiro Trabalho - 2023.1\Relogio - Thiago Augusto.asm
               exibirHHMM   0x00004b    program     static C:\Users\Thiago\Documents\UFPE -Engenharia\Microcontroladores\Primeiro Trabalho - 2023.1\Relogio - Thiago Augusto.asm
               exibirMMSS   0x000082    program     static C:\Users\Thiago\Documents\UFPE -Engenharia\Microcontroladores\Primeiro Trabalho - 2023.1\Relogio - Thiago Augusto.asm
                    flags   0x00002a    program     static C:\Users\Thiago\Documents\UFPE -Engenharia\Microcontroladores\Primeiro Trabalho - 2023.1\Relogio - Thiago Augusto.asm
                  hex7seg   0x000200    program     static C:\Users\Thiago\Documents\UFPE -Engenharia\Microcontroladores\Primeiro Trabalho - 2023.1\Relogio - Thiago Augusto.asm
                    horaD   0x000027    program     static C:\Users\Thiago\Documents\UFPE -Engenharia\Microcontroladores\Primeiro Trabalho - 2023.1\Relogio - Thiago Augusto.asm
                    horaU   0x000026    program     static C:\Users\Thiago\Documents\UFPE -Engenharia\Microcontroladores\Primeiro Trabalho - 2023.1\Relogio - Thiago Augusto.asm
                   inicio   0x00002c    program     static C:\Users\Thiago\Documents\UFPE -Engenharia\Microcontroladores\Primeiro Trabalho - 2023.1\Relogio - Thiago Augusto.asm
                    inter   0x0000ca    program     static C:\Users\Thiago\Documents\UFPE -Engenharia\Microcontroladores\Primeiro Trabalho - 2023.1\Relogio - Thiago Augusto.asm
                     minD   0x000025    program     static C:\Users\Thiago\Documents\UFPE -Engenharia\Microcontroladores\Primeiro Trabalho - 2023.1\Relogio - Thiago Augusto.asm
                     minU   0x000024    program     static C:\Users\Thiago\Documents\UFPE -Engenharia\Microcontroladores\Primeiro Trabalho - 2023.1\Relogio - Thiago Augusto.asm
                   s_temp   0x000029    program     static C:\Users\Thiago\Documents\UFPE -Engenharia\Microcontroladores\Primeiro Trabalho - 2023.1\Relogio - Thiago Augusto.asm
                     segd   0x000023    program     static C:\Users\Thiago\Documents\UFPE -Engenharia\Microcontroladores\Primeiro Trabalho - 2023.1\Relogio - Thiago Augusto.asm
                     segu   0x000022    program     static C:\Users\Thiago\Documents\UFPE -Engenharia\Microcontroladores\Primeiro Trabalho - 2023.1\Relogio - Thiago Augusto.asm
                     temp   0x000020    program     static C:\Users\Thiago\Documents\UFPE -Engenharia\Microcontroladores\Primeiro Trabalho - 2023.1\Relogio - Thiago Augusto.asm
                   w_temp   0x000028    program     static C:\Users\Thiago\Documents\UFPE -Engenharia\Microcontroladores\Primeiro Trabalho - 2023.1\Relogio - Thiago Augusto.asm



                              Symbols - Sorted by Address
                     Name    Address   Location    Storage File                     
                ---------  ---------  ---------  --------- ---------                
                     temp   0x000020    program     static C:\Users\Thiago\Documents\UFPE -Engenharia\Microcontroladores\Primeiro Trabalho - 2023.1\Relogio - Thiago Augusto.asm
                     segu   0x000022    program     static C:\Users\Thiago\Documents\UFPE -Engenharia\Microcontroladores\Primeiro Trabalho - 2023.1\Relogio - Thiago Augusto.asm
                     segd   0x000023    program     static C:\Users\Thiago\Documents\UFPE -Engenharia\Microcontroladores\Primeiro Trabalho - 2023.1\Relogio - Thiago Augusto.asm
                     minU   0x000024    program     static C:\Users\Thiago\Documents\UFPE -Engenharia\Microcontroladores\Primeiro Trabalho - 2023.1\Relogio - Thiago Augusto.asm
                     minD   0x000025    program     static C:\Users\Thiago\Documents\UFPE -Engenharia\Microcontroladores\Primeiro Trabalho - 2023.1\Relogio - Thiago Augusto.asm
                    horaU   0x000026    program     static C:\Users\Thiago\Documents\UFPE -Engenharia\Microcontroladores\Primeiro Trabalho - 2023.1\Relogio - Thiago Augusto.asm
                    horaD   0x000027    program     static C:\Users\Thiago\Documents\UFPE -Engenharia\Microcontroladores\Primeiro Trabalho - 2023.1\Relogio - Thiago Augusto.asm
                   w_temp   0x000028    program     static C:\Users\Thiago\Documents\UFPE -Engenharia\Microcontroladores\Primeiro Trabalho - 2023.1\Relogio - Thiago Augusto.asm
                   s_temp   0x000029    program     static C:\Users\Thiago\Documents\UFPE -Engenharia\Microcontroladores\Primeiro Trabalho - 2023.1\Relogio - Thiago Augusto.asm
                    flags   0x00002a    program     static C:\Users\Thiago\Documents\UFPE -Engenharia\Microcontroladores\Primeiro Trabalho - 2023.1\Relogio - Thiago Augusto.asm
                  display   0x00002b    program     static C:\Users\Thiago\Documents\UFPE -Engenharia\Microcontroladores\Primeiro Trabalho - 2023.1\Relogio - Thiago Augusto.asm
                   inicio   0x00002c    program     static C:\Users\Thiago\Documents\UFPE -Engenharia\Microcontroladores\Primeiro Trabalho - 2023.1\Relogio - Thiago Augusto.asm
               exibirHHMM   0x00004b    program     static C:\Users\Thiago\Documents\UFPE -Engenharia\Microcontroladores\Primeiro Trabalho - 2023.1\Relogio - Thiago Augusto.asm
               exibirMMSS   0x000082    program     static C:\Users\Thiago\Documents\UFPE -Engenharia\Microcontroladores\Primeiro Trabalho - 2023.1\Relogio - Thiago Augusto.asm
                   atraso   0x0000bc    program     static C:\Users\Thiago\Documents\UFPE -Engenharia\Microcontroladores\Primeiro Trabalho - 2023.1\Relogio - Thiago Augusto.asm
                    inter   0x0000ca    program     static C:\Users\Thiago\Documents\UFPE -Engenharia\Microcontroladores\Primeiro Trabalho - 2023.1\Relogio - Thiago Augusto.asm
               ajustHoraD   0x0000df    program     static C:\Users\Thiago\Documents\UFPE -Engenharia\Microcontroladores\Primeiro Trabalho - 2023.1\Relogio - Thiago Augusto.asm
               ajustHoraU   0x000111    program     static C:\Users\Thiago\Documents\UFPE -Engenharia\Microcontroladores\Primeiro Trabalho - 2023.1\Relogio - Thiago Augusto.asm
                contagens   0x000140    program     static C:\Users\Thiago\Documents\UFPE -Engenharia\Microcontroladores\Primeiro Trabalho - 2023.1\Relogio - Thiago Augusto.asm
                  hex7seg   0x000200    program     static C:\Users\Thiago\Documents\UFPE -Engenharia\Microcontroladores\Primeiro Trabalho - 2023.1\Relogio - Thiago Augusto.asm


