MPASM  5.42      RELOGIO - THIAGO AUGUSTO.ASM   7-21-2023  15:20:51         PAGE  1


LOC  OBJECT CODE     LINE SOURCE TEXT
  VALUE

Warning[205]: Found directive in column 1. (PROCESSOR)
                      00001 PROCESSOR       16F877A
                      00002         RADIX           DEC                     ;define para decimal, serve para setar como decimal quan
                            do não for binário(b)
                      00003 
                      00004 #INCLUDE <p16F877A.inc> 
                      00001         LIST
                      00002 
                      00003 ;==========================================================================
                      00004 ;  MPASM PIC16F877A processor include
                      00005 ; 
                      00006 ;  (c) Copyright 1999-2011 Microchip Technology, All rights reserved
                      00007 ;==========================================================================
                      00008 
                      00555         LIST
2007   3F32           00005         __config        0x3F32
                      00006 
0000                  00007         org 0X00
0000   282C           00008         goto inicio
                      00009 
0004                  00010         org 0X04                                        
0004   28CA           00011         goto inter
                      00012 
0020                  00013         org 0x20                                        ;alocação de memória livre para uso
0020   3FFF 3FFF      00014 temp    res 2                                   ;Variável para a rotina de atraso
0022   3FFF           00015 segu    res 1                                   ;Conta as unidades de segundo.
0023   3FFF           00016 segd    res 1                                   ;Conta as dezenas de segundo.
0024   3FFF           00017 minU    res 1
0025   3FFF           00018 minD    res 1
0026   3FFF           00019 horaU   res 1
0027   3FFF           00020 horaD   res 1
                      00021 
0028   3FFF           00022 w_temp  res 1                                   ;Salva o que está no acumulador
0029   3FFF           00023 s_temp  res 1                                   ;Salva o que está no STATUS
002A   3FFF           00024 flags   res 1                                   ;Registrador auxiliar
002B   3FFF           00025 display res 1
                      00026 
002C                  00027 inicio
                      00028 
002C   1683 1303      00029         banksel TRISD                           ;Seleciona o banksel do TRISD, TRISD é o configura PORTD
                            .
002E   3000           00030         movlw   00000000b                       ;Bit que estiver em 0 é saída. Todos os pinos da PORTD e
                             PORTA serão saídas.
Message[302]: Register in operand not in bank 0.  Ensure that bank bits are correct.
002F   0088           00031         movwf   TRISD                           ;Movendo os bits do acumulador para o registrador.
Message[302]: Register in operand not in bank 0.  Ensure that bank bits are correct.
0030   0085           00032         movwf   TRISA
0031   3006           00033         movlw   6                                       ;Ao mover 6 para o ADCON1, configura a PORTA com
                            o porta digital.
Message[302]: Register in operand not in bank 0.  Ensure that bank bits are correct.
0032   009F           00034         movwf   ADCON1
Message[302]: Register in operand not in bank 0.  Ensure that bank bits are correct.
0033   140C           00035         bsf     PIE1,TMR1IE                         ;Liga interrupção timer1.
MPASM  5.42      RELOGIO - THIAGO AUGUSTO.ASM   7-21-2023  15:20:51         PAGE  2


LOC  OBJECT CODE     LINE SOURCE TEXT
  VALUE

0034   170B           00036         bsf     INTCON,PEIE                     ;Liga int. periférico.
0035   178B           00037         bsf     INTCON,GIE                      ;Liga int. geral.
                      00038 
0036   1283 1303      00039         banksel PORTD                           ;Seleciona o banco da porta D
0038   3000           00040         movlw   00000000b                       ;Move 0 para o acumulador
0039   0088           00041         movwf   PORTD                           ;Zera a porta D
003A   0085           00042         movwf   PORTA                           ;Zera a porta B
003B   0190           00043         clrf    T1CON                           ;Garantir que tudo inicie em zero.
                      00044 
003C   1410           00045         bsf     T1CON,TMR1ON                ;Liga TRM1.                         
003D   1690           00046         bsf     T1CON,T1CKPS1           ;Configura o preescale para 1:8
003E   1610           00047         bsf     T1CON,T1CKPS0                   ;Configura o preescale para 1:8
                      00048 
003F   01A2           00049         clrf    segu                            ;Limpa os registradores
0040   01A3           00050         clrf    segd
0041   01A4           00051         clrf    minU
0042   01A5           00052         clrf    minD
0043   01A6           00053         clrf    horaU
0044   01A7           00054         clrf    horaD
0045   01AA           00055         clrf    flags
0046   01AB           00056         clrf    display
0047   01A9           00057         clrf    s_temp
0048   01A8           00058         clrf    w_temp
0049   018E           00059         clrf    TMR1L
004A   018F           00060         clrf    TMR1H   
                      00061 
                      00062 
004B                  00063 exibirHHMM
                      00064 ;--------------------------------- EXIBIÇÃO --------------------------------------------------
                      00065 ;       DISP4 = PORTA,5                         -Unidade de segundo
                      00066 ;       DISP3 = PORTA,4                         -Dezena de segundo
                      00067 ;       DISP2 = PORTA,3                         -Unidade de Minuto
                      00068 ;       DISP1 = PORTA,2                         -Dezena de Minuto
                      00069         ;Horas e Minutos
                      00070 
004B   2140           00071                 call    contagens
                      00072 
                      00073                 ;TECLA QUE CHAMA A FUNÇÃO MINUTOS SEGUNDOS
004C   1986           00074         btfsc   PORTB,3
004D   2851           00075         goto    $+4
004E   1D86           00076         btfss   PORTB,3
004F   284E           00077         goto    $-1
0050   2882           00078         goto    exibirMMSS
                      00079 
0051   1205           00080         bcf     PORTA,4                                 ;Desliga o DISP3
0052   1185           00081         bcf     PORTA,3
0053   1105           00082         bcf PORTA,2
0054   1685           00083         bsf     PORTA,5                                 ;Liga o DISP4.
                      00084 
0055   3002 008A      00085         pageselw        hex7seg
0057   0824           00086         movf    minU,w                          ;Rotaciona para direita o que está em segu, e salva no a
                            cumulador
0058   2200           00087         call    hex7seg                         ;Chamando a subrotina.
MPASM  5.42      RELOGIO - THIAGO AUGUSTO.ASM   7-21-2023  15:20:51         PAGE  3


LOC  OBJECT CODE     LINE SOURCE TEXT
  VALUE

0059   018A           00088         clrf    PCLATH
005A   0088           00089         movwf   PORTD                           ;Movendo do acumulador para a PORTD.
                      00090 
005B   20BC           00091         call    atraso                          ;Atraso para manter a primeira tela do display ligada
                      00092 
                      00093 
005C   1285           00094         bcf     PORTA,5                                 ;desliga o primeiro display de 7 segmentos.
005D   1185           00095         bcf PORTA,3
005E   1105           00096         bcf PORTA,2
005F   1605           00097         bsf     PORTA,4                                 ;segundo display de 7 segmentos.
                      00098         
0060   3002 008A      00099         pageselw        hex7seg
0062   0825           00100         movf    minD,w                          ;Move o que está segd para o acumulador
0063   2200           00101         call    hex7seg                         ;Chamando a subrotina.
0064   018A           00102         clrf    PCLATH
0065   0088           00103         movwf   PORTD                           ;Movendo do acumulador para a PORTD.
                      00104 
0066   20BC           00105         call    atraso                          ;Atraso para manter a segunda tela do display ligada
                      00106 
0067   1285           00107         bcf     PORTA,5                                 ;desliga o primeiro display de 7 segmentos.
0068   1205           00108         bcf PORTA,4
0069   1105           00109         bcf PORTA,2
006A   1585           00110         bsf     PORTA,3                                 ;segundo display de 7 segmentos.
                      00111 
006B   3002 008A      00112         pageselw        hex7seg
006D   0826           00113         movf            horaU,w
006E   2200           00114         call            hex7seg
006F   018A           00115         clrf            PCLATH  
0070   0088           00116         movwf           PORTD
                      00117 
0071   182A           00118         btfsc   flags,0                         ;Se esse bit for 0, vai pular a proxima linha
0072   1788           00119         bsf     PORTD,7                                 ;Se o bit 0 da flag for 1, liga o ponto         
                                            ;
0073   1C2A           00120         btfss   flags,0                         ;Testa o bit 0 da flag, se for 1, pula a proxima linha.
0074   1388           00121         bcf     PORTD,7                                 ;Se o bit 0 da flag for 0, desliga o ponto
                      00122 
0075   20BC           00123         call    atraso
                      00124         
0076   1285           00125         bcf     PORTA,5                                 ;desliga o primeiro display de 7 segmentos.
0077   1205           00126         bcf PORTA,4
0078   1185           00127         bcf PORTA,3
0079   1505           00128         bsf     PORTA,2                                 ;segundo display de 7 segmentos.
                      00129 
007A   3002 008A      00130         pageselw        hex7seg
007C   0827           00131         movf    horaD,w
007D   2200           00132         call    hex7seg
007E   018A           00133         clrf    PCLATH
007F   0088           00134         movwf   PORTD
                      00135 
0080   20BC           00136         call    atraso
                      00137 
Warning[203]: Found opcode in column 1. (goto)
0081   284B           00138 goto    exibirHHMM
MPASM  5.42      RELOGIO - THIAGO AUGUSTO.ASM   7-21-2023  15:20:51         PAGE  4


LOC  OBJECT CODE     LINE SOURCE TEXT
  VALUE

                      00139 
0082                  00140 exibirMMSS
                      00141 ;--------------------------------- EXIBIÇÃO --------------------------------------------------
                      00142 ;       DISP4 = PORTA,5                         -Unidade de segundo
                      00143 ;       DISP3 = PORTA,4                         -Dezena de segundo
                      00144 ;       DISP2 = PORTA,3                         -Unidade de Minuto
                      00145 ;       DISP1 = PORTA,2                         -Dezena de Minuto
                      00146         ;Horas e Minutos
0082   3001 008A      00147                 pageselw contagens
0084   2140           00148                 call    contagens
0085   018A           00149                 clrf    PCLATH
                      00150 
                      00151                 ;TECLA QUE CHAMA A FUNÇÃO MINUTOS SEGUNDOS
0086   1986           00152         btfsc   PORTB,3
0087   288B           00153         goto    $+4
0088   1D86           00154         btfss   PORTB,3
0089   2888           00155         goto    $-1
008A   284B           00156         goto    exibirHHMM
                      00157 
008B   1205           00158         bcf     PORTA,4                                 ;Desliga o DISP3
008C   1185           00159         bcf     PORTA,3
008D   1105           00160         bcf PORTA,2
008E   1685           00161         bsf     PORTA,5                                 ;Liga o DISP4.
                      00162 
008F   3002 008A      00163         pageselw        hex7seg
0091   0C22           00164         rrf             segu,w                          ;Rotaciona para direita o que está em segu, e sa
                            lva no acumulador
0092   2200           00165         call            hex7seg                         ;Chamando a subrotina.
0093   018A           00166         clrf            PCLATH
0094   0088           00167         movwf           PORTD                           ;Movendo do acumulador para a PORTD.
                      00168 
0095   20BC           00169         call    atraso                          ;Atraso para manter a primeira tela do display ligada
                      00170 
                      00171 
0096   1285           00172         bcf     PORTA,5                                 ;desliga o primeiro display de 7 segmentos.
0097   1185           00173         bcf PORTA,3
0098   1105           00174         bcf PORTA,2
0099   1605           00175         bsf     PORTA,4                                 ;segundo display de 7 segmentos.
                      00176         
009A   3002 008A      00177         pageselw        hex7seg
009C   0823           00178         movf            segd,w                          ;Move o que está segd para o acumulador
009D   2200           00179         call            hex7seg                         ;Chamando a subrotina.
009E   018A           00180         clrf            PCLATH
009F   0088           00181         movwf           PORTD                           ;Movendo do acumulador para a PORTD.
                      00182 
00A0   20BC           00183         call    atraso                          ;Atraso para manter a segunda tela do display ligada
                      00184 
00A1   1285           00185         bcf     PORTA,5                                 ;desliga o primeiro display de 7 segmentos.
00A2   1205           00186         bcf PORTA,4
00A3   1105           00187         bcf PORTA,2
00A4   1585           00188         bsf     PORTA,3                                 ;segundo display de 7 segmentos.
                      00189 
00A5   3002 008A      00190         pageselw        hex7seg
MPASM  5.42      RELOGIO - THIAGO AUGUSTO.ASM   7-21-2023  15:20:51         PAGE  5


LOC  OBJECT CODE     LINE SOURCE TEXT
  VALUE

00A7   0824           00191         movf            minU,w
00A8   2200           00192         call            hex7seg
00A9   018A           00193         clrf            PCLATH
00AA   0088           00194         movwf           PORTD
                      00195 
00AB   182A           00196         btfsc   flags,0                         ;Se esse bit for 0, vai pular a proxima linha
00AC   1788           00197         bsf     PORTD,7                                 ;Se o bit 0 da flag for 1, liga o ponto         
                                            ;
00AD   1C2A           00198         btfss   flags,0                         ;Testa o bit 0 da flag, se for 1, pula a proxima linha.
00AE   1388           00199         bcf     PORTD,7                                 ;Se o bit 0 da flag for 0, desliga o ponto
                      00200 
00AF   20BC           00201         call    atraso
                      00202         
00B0   1285           00203         bcf     PORTA,5                                 ;desliga o primeiro display de 7 segmentos.
00B1   1205           00204         bcf PORTA,4
00B2   1185           00205         bcf PORTA,3
00B3   1505           00206         bsf     PORTA,2                                 ;segundo display de 7 segmentos.
                      00207 
00B4   3002 008A      00208         pageselw        hex7seg
00B6   0825           00209         movf            minD,w
00B7   2200           00210         call            hex7seg
00B8   018A           00211         clrf            PCLATH
00B9   0088           00212         movwf           PORTD
                      00213 
00BA   20BC           00214         call    atraso
                      00215 
00BB   2882           00216         goto    exibirMMSS
                      00217 
00BC                  00218 atraso                                                  
00BC   3002           00219         movlw   499/256+1                       ;move para o acumulador w. Essa divisão é feita na inten
                            ção de que possamos escrever o número exato. Quantas vezes a parte alta conta 256.
00BD   00A0           00220         movwf   temp                            ;passa do acumulador para o registrador.
00BE   30F3           00221         movlw   499%256                         ;resto da divisão.
00BF   00A1           00222         movwf   temp+1                          ;segundo byte de temp, parte baixa.
                      00223 
00C0   0000           00224         nop
00C1   0000           00225         nop
00C2   0000           00226         nop
00C3   0000           00227         nop
00C4   0000           00228         nop
                      00229 
00C5   03A1           00230         decf    temp+1,f                        ;decrementa 1 do registrador temp+1 e guarda no próprio 
                            registrador.
00C6   1903           00231         btfsc   STATUS,Z                        ;se o resultado do decremento não tiver dado zero, ele p
                            ula o próximo passo.
                      00232 
00C7   0BA0           00233         decfsz  temp,f                          ;se o bit Z de STATUS estiver em 1, quando a conta der 0
                            , pula o próximo comando.
00C8   28C0           00234         goto    $-8                                     ;volta 8 linhas, até o temporizador ser zerado.
                      00235 
00C9   0008           00236         return
                      00237 
00CA                  00238 inter
MPASM  5.42      RELOGIO - THIAGO AUGUSTO.ASM   7-21-2023  15:20:51         PAGE  6


LOC  OBJECT CODE     LINE SOURCE TEXT
  VALUE

                      00239 ; Entra na interrupção a cada meio segundo
                      00240 
                      00241 ;------------------------------- Salva contexto ---------------------------
00CA   00A8           00242         movwf   w_temp                          ;salva o que está no acumulador
00CB   0E03           00243         swapf   STATUS,w                        ;Usa-se o swapf para que o status não seja modificado ao
                             mover para o acumulador, já que o movf mexe na ula,
00CC   00A9           00244         movwf   s_temp              ;...Por exemplo, se tiver 0 no acumulador, o bit Z do status vai par
                            a 1, modificando o próprio STATUS.
                      00245 ;--------------------------------------------------------------------------
                      00246 
00CD   100C           00247         bcf     PIR1,TMR1IF                             ;Zera o contador do timer, para que possa estour
                            ar novamente
                      00248 
Message[305]: Using default destination of 1 (file).
00CE   0AA2           00249         incf    segu                            ;Incrementa segu
                      00250 
00CF   0000           00251         nop                                                     ;nops para ajustar o tempo de interrupçã
                            o em meio segundo
00D0   0000           00252         nop
00D1   0000           00253         nop
                      00254 
00D2   300B           00255         movlw   3038/256            ;Inicia o contador do timer, ajustando para que a interrupção dure m
                            eio segundo.
00D3   008F           00256         movwf   TMR1H               ;Move o que está no acumulador para a parte alta do TMR1
00D4   30DE           00257         movlw   3038%256                        ;Resto da divisão para o acumulador
00D5   008E           00258         movwf   TMR1L                           ;Move o que está no acumulador para a parte baixa do TMR
                            1
                      00259 
                      00260 ;Responsável pela troca de ligado e desligado do ponto, se alternando pela segunda vez que passa pela in
                            terrupção.
                      00261 
00D6   1CA2           00262         btfss   segu,1                          ; O bit 1 de segu, troca toda vez que é incrementa 2 vez
                            es, o que dura 1 segundo.
00D7   102A           00263         bcf             flags,0                         ; È executado se o bit 1 de segu for 0
00D8   18A2           00264         btfsc   segu,1
00D9   142A           00265         bsf             flags,0                         ; É executado se o bit 1 de segu for 1
                      00266                         
                      00267 ;------------------------ Restaura contexto -------------------------------------------------------
                      00268 
00DA   0E29           00269         swapf   s_temp,w                        ;Faz o swap novamente, voltando ao normal, já que essa i
                            nstrução inverte a parte baixa com a parte alta
00DB   0083           00270         movwf   STATUS                          ;Retorna o valor do status para antes de entrar na inter
                            rupção
00DC   0EA8           00271         swapf   w_temp,f                        ;Retorna o valor que estava no acumulador antes de entra
                            r na interrupção
00DD   0E28           00272         swapf   w_temp,w
                      00273 
00DE   0009           00274         retfie
                      00275 
00DF                  00276 ajustHoraD
                      00277 ;       DISP4 = PORTA,5                         -Unidade de segundo
                      00278 ;       DISP3 = PORTA,4                         -Dezena de segundo
                      00279 ;       DISP2 = PORTA,3                         -Unidade de Minuto
MPASM  5.42      RELOGIO - THIAGO AUGUSTO.ASM   7-21-2023  15:20:51         PAGE  7


LOC  OBJECT CODE     LINE SOURCE TEXT
  VALUE

                      00280 ;       DISP1 = PORTA,2                         -Dezena de Minuto
                      00281 
00DF   1285           00282         bcf             PORTA,5
00E0   1205           00283         bcf             PORTA,4
00E1   1185           00284         bcf             PORTA,3
00E2   1505           00285         bsf             PORTA,2
                      00286 
00E3   1806           00287                 btfsc   PORTB,0
00E4   28E8           00288                 goto    $+4
00E5   1C06           00289                 btfss   PORTB,0
00E6   28E5           00290                 goto    $-1
00E7   2911           00291                 goto    ajustHoraU
                      00292 
                      00293         ;Validador de entrada(se for 2, a entrada será limitada)
00E8   1806           00294                 btfsc   PORTB,0
00E9   28F0           00295                 goto    $+7
00EA   0827           00296                 movf    horaD,w
00EB   3A02           00297                 xorlw   2
00EC   1D03           00298                 btfss   STATUS,Z
00ED   28F0           00299                 goto    $+3
00EE   1C06           00300                 btfss   PORTB,0
00EF   28EE           00301                 goto    $-1
                      00302         ;Limita a decrementação 
00F0   0827           00303                 movf    horaD,w
00F1   3A00           00304                 xorlw   0
00F2   1D03           00305                 btfss   STATUS,Z
00F3   28FA           00306                 goto    $+7
00F4   1886           00307                 btfsc   PORTB,1
00F5   28FA           00308                 goto    $+5
00F6   1C86           00309                 btfss   PORTB,1
00F7   28F6           00310                 goto    $-1
00F8   3002           00311                 movlw   2               
00F9   00A7           00312                 movwf   horaD
                      00313         ;Decrementação
00FA   1886           00314                 btfsc   PORTB,1
00FB   28FF           00315                 goto    $+4
00FC   1C86           00316                 btfss   PORTB,1
00FD   28FC           00317                 goto    $-1
Message[305]: Using default destination of 1 (file).
00FE   03A7           00318                 decf    horaD
                      00319         ;Limita a incrementação
00FF   0827           00320                 movf    horaD,w
0100   3A03           00321                 xorlw   3
0101   1D03           00322                 btfss   STATUS,Z
0102   2904           00323                 goto    $+2
0103   01A7           00324                 clrf    horaD
                      00325         ;Incrementação
0104   1906           00326                 btfsc   PORTB,2
0105   2909           00327                 goto    $+4
0106   1D06           00328                 btfss   PORTB,2
0107   2906           00329                 goto    $-1
Message[305]: Using default destination of 1 (file).
0108   0AA7           00330                 incf    horaD
MPASM  5.42      RELOGIO - THIAGO AUGUSTO.ASM   7-21-2023  15:20:51         PAGE  8


LOC  OBJECT CODE     LINE SOURCE TEXT
  VALUE

                      00331                 
0109   3002 008A      00332         pageselw        hex7seg
010B   0827           00333         movf    horaD,w
010C   2200           00334         call    hex7seg
010D   018A           00335         clrf    PCLATH
010E   0088           00336         movwf   PORTD
                      00337 
010F   20BC           00338         call    atraso
                      00339 
0110   28DF           00340         goto    ajustHoraD
0111                  00341 ajustHoraU
0111   1285           00342         bcf             PORTA,5
0112   1205           00343         bcf             PORTA,4
0113   1105           00344         bcf             PORTA,2
0114   1585           00345         bsf             PORTA,3
                      00346         ;lógica para limitar Hora
0115   0826           00347                 movf    horaU,w
0116   3A00           00348                 xorlw   0                       
0117   1D03           00349                 btfss   STATUS,Z
0118   291F           00350                 goto    $+7
0119   1886           00351                 btfsc   PORTB,1
011A   2924           00352                 goto    $+10
011B   1C86           00353                 btfss   PORTB,1
011C   291B           00354                 goto    $-1
011D   3009           00355                 movlw   9               
011E   00A6           00356                 movwf   horaU
                      00357         ;limita a decrementação
011F   0826           00358                 movf    horaU,w
0120   3A00           00359                 xorlw   0
0121   1D03           00360                 btfss   STATUS,Z
0122   2929           00361                 goto    $+7
0123   1886           00362                 btfsc   PORTB,1
0124   292E           00363                 goto    $+10
0125   1C86           00364                 btfss   PORTB,1
0126   2925           00365                 goto    $-1
0127   3003           00366                 movlw   3               
0128   00A6           00367                 movwf   horaU
                      00368         ;decrementação
0129   1886           00369                 btfsc   PORTB,1
012A   292E           00370                 goto    $+4
012B   1C86           00371                 btfss   PORTB,1
012C   292B           00372                 goto    $-1
Message[305]: Using default destination of 1 (file).
012D   03A6           00373                 decf    horaU
                      00374 
                      00375         ;limita a incrementação
012E   0826           00376                 movf    horaU,w
012F   3A04           00377                 xorlw   4
0130   1D03           00378                 btfss   STATUS,Z
0131   2933           00379                 goto    $+2
0132   01A6           00380                 clrf    horaU
                      00381         ;incrementação
0133   1906           00382                 btfsc   PORTB,2
MPASM  5.42      RELOGIO - THIAGO AUGUSTO.ASM   7-21-2023  15:20:51         PAGE  9


LOC  OBJECT CODE     LINE SOURCE TEXT
  VALUE

0134   2938           00383                 goto    $+4
0135   1D06           00384                 btfss   PORTB,2
0136   2935           00385                 goto    $-1
Message[305]: Using default destination of 1 (file).
0137   0AA6           00386                 incf    horaU
                      00387 
0138   3002 008A      00388                 pageselw        hex7seg
013A   0826           00389                 movf    horaU,w
013B   2200           00390                 call    hex7seg
013C   018A           00391                 clrf    PCLATH
013D   0088           00392                 movwf   PORTD
                      00393 
013E   20BC           00394                 call    atraso
                      00395 
                      00396         
013F   2911           00397         goto    ajustHoraU
                      00398 ;ajustalarm
                      00399 
                      00400 ;goto ajusalarm
                      00401 
0140                  00402 contagens
                      00403         ;botão para parar contagem
0140   3001           00404                 movlw   00000001b
0141   1886           00405                 btfsc   PORTB,1
0142   2946           00406                 goto    $+4
0143   1C86           00407                 btfss   PORTB,1
0144   2943           00408                 goto    $-1
0145   0690           00409                 xorwf T1CON,f
                      00410 
0146   3001           00411                 movlw   00000001b
0147   1806           00412                 btfsc   PORTB,0
0148   294D           00413                 goto    $+5
0149   1C06           00414                 btfss   PORTB,0
014A   2949           00415                 goto    $-1
014B   0690           00416                 xorwf   T1CON,f
014C   20DF           00417                 call    ajustHoraD
                      00418 
                      00419 
                      00420 
014D   1003           00421         clrc                                            ;Limpa o carry
014E   0C22           00422         rrf     segu,w                          ;Rotaciona para direita o que está em segu, e salva no a
                            cumulador.
014F   3A0A           00423         xorlw   10                                      ;comparação entre o acumulador(segu) e 10. Se se
                            gu=10, xor=0. Se segu=!10, xor=1.
0150   1D03           00424         btfss   STATUS,Z                        ;se xor=0, Z=1, não pula(não entra no goto). Se xor=1, Z
                            =0, pula tres linhas.
0151   2954           00425         goto    $+3
0152   01A2           00426         clrf    segu                            ;zerar segu.
Message[305]: Using default destination of 1 (file).
0153   0AA3           00427         incf    segd                            ;incrementa segd.
                      00428 
0154   0823           00429         movf    segd,w                          ;Envia o que está em segd para o acumulador
0155   3A06           00430         xorlw   6                                       ;Faz um Xor entre o que está no acumulador e 6
MPASM  5.42      RELOGIO - THIAGO AUGUSTO.ASM   7-21-2023  15:20:51         PAGE 10


LOC  OBJECT CODE     LINE SOURCE TEXT
  VALUE

0156   1D03           00431         btfss   STATUS,Z                        ;Pula a próxima linha se o bit Z for 0.
0157   295A           00432         goto    $+3
0158   01A3           00433         clrf    segd                            ;Zera o Valor de segd
Message[305]: Using default destination of 1 (file).
0159   0AA4           00434         incf    minU            
                      00435 
015A   0824           00436         movf    minU, w
015B   3A0A           00437         xorlw   10
015C   1D03           00438         btfss   STATUS,Z
015D   2960           00439         goto    $+3
015E   01A4           00440         clrf    minU
Message[305]: Using default destination of 1 (file).
015F   0AA5           00441         incf    minD
                      00442 
0160   0825           00443         movf    minD,w
0161   3A06           00444         xorlw   6
0162   1D03           00445         btfss   STATUS,Z
0163   2966           00446         goto    $+3
0164   01A5           00447         clrf    minD
Message[305]: Using default destination of 1 (file).
0165   0AA6           00448         incf    horaU
                      00449 
0166   0827           00450         movf    horaD,w                 ;movendo unidade de hora para o acumulador
0167   3A02           00451         xorlw   2                               ;
0168   1D03           00452         btfss   STATUS,Z
0169   2971           00453         goto    $+8
016A   0826           00454         movf    horaU,w
016B   3A04           00455         xorlw   4
016C   1D03           00456         btfss   STATUS,Z
016D   2977           00457         goto    $+10
016E   01A6           00458         clrf    horaU
016F   01A7           00459         clrf    horaD
0170   2977           00460         goto    $+7
0171   0826           00461         movf    horaU,w
0172   3A0A           00462         xorlw   10
0173   1D03           00463         btfss   STATUS,Z
0174   2977           00464         goto    $+3
0175   01A6           00465         clrf    horaU
Message[305]: Using default destination of 1 (file).
0176   0AA7           00466         incf    horaD
                      00467 
0177   0008           00468         return
0200                  00469         org     200h
0200                  00470 hex7seg
0200   390F           00471         andlw   00001111b                       ;Faz a operação and do literal com o acumulador, e salva
                             no acumulador. Serve para garantir que ao usar o rrf, zere o carry e evita que o ultimo bit não
0201   0782           00472         addwf   PCL,f                           ;Adicione w ao PCL(para dar um salto), assim a subrotina
                             vai retornar o valor que deseja. PCL é o contador de programa.
                      00473 
0202   343F           00474         retlw   00111111b       ;0      
0203   3406           00475         retlw   00000110b       ;1
0204   345B           00476         retlw   01011011b       ;2
0205   344F           00477         retlw   01001111b       ;3
MPASM  5.42      RELOGIO - THIAGO AUGUSTO.ASM   7-21-2023  15:20:51         PAGE 11


LOC  OBJECT CODE     LINE SOURCE TEXT
  VALUE

0206   3466           00478         retlw   01100110b       ;4
0207   346D           00479         retlw   01101101b       ;5
0208   347C           00480         retlw   01111100b       ;6
0209   3407           00481         retlw   00000111b       ;7
020A   347F           00482         retlw   01111111b       ;8
020B   3467           00483         retlw   01100111b       ;9
020C   3477           00484                 retlw   01110111b       ;A
020D   347C           00485                 retlw   01111100b       ;b
020E   3439           00486                 retlw   00111001b       ;C
020F   345E           00487                 retlw   01011110b       ;d
0210   3479           00488                 retlw   01111001b       ;E
0211   3471           00489                 retlw   01110001b       ;F      
                      00490         end
MPASM  5.42      RELOGIO - THIAGO AUGUSTO.ASM   7-21-2023  15:20:51         PAGE 12


SYMBOL TABLE
  LABEL                             VALUE 

ACKDT                             00000005
ACKEN                             00000004
ACKSTAT                           00000006
ADCON0                            0000001F
ADCON1                            0000009F
ADCS0                             00000006
ADCS1                             00000007
ADCS2                             00000006
ADDEN                             00000003
ADFM                              00000007
ADIE                              00000006
ADIF                              00000006
ADON                              00000000
ADRESH                            0000001E
ADRESL                            0000009E
BCLIE                             00000003
BCLIF                             00000003
BF                                00000000
BRGH                              00000002
C                                 00000000
C1INV                             00000004
C1OUT                             00000006
C2INV                             00000005
C2OUT                             00000007
CCP1CON                           00000017
CCP1IE                            00000002
CCP1IF                            00000002
CCP1M0                            00000000
CCP1M1                            00000001
CCP1M2                            00000002
CCP1M3                            00000003
CCP1X                             00000005
CCP1Y                             00000004
CCP2CON                           0000001D
CCP2IE                            00000000
CCP2IF                            00000000
CCP2M0                            00000000
CCP2M1                            00000001
CCP2M2                            00000002
CCP2M3                            00000003
CCP2X                             00000005
CCP2Y                             00000004
CCPR1                             00000015
CCPR1H                            00000016
CCPR1L                            00000015
CCPR2                             0000001B
CCPR2H                            0000001C
CCPR2L                            0000001B
CHS0                              00000003
CHS1                              00000004
CHS2                              00000005
CIS                               00000003
CKE                               00000006
MPASM  5.42      RELOGIO - THIAGO AUGUSTO.ASM   7-21-2023  15:20:51         PAGE 13


SYMBOL TABLE
  LABEL                             VALUE 

CKP                               00000004
CM0                               00000000
CM1                               00000001
CM2                               00000002
CMCON                             0000009C
CMIE                              00000006
CMIF                              00000006
CREN                              00000004
CSRC                              00000007
CVR0                              00000000
CVR1                              00000001
CVR2                              00000002
CVR3                              00000003
CVRCON                            0000009D
CVREN                             00000007
CVROE                             00000006
CVRR                              00000005
D                                 00000005
DATA_ADDRESS                      00000005
DC                                00000001
D_A                               00000005
D_NOT_A                           00000005
EEADR                             0000010D
EEADRH                            0000010F
EECON1                            0000018C
EECON2                            0000018D
EEDATA                            0000010C
EEDATH                            0000010E
EEIE                              00000004
EEIF                              00000004
EEPGD                             00000007
F                                 00000001
FERR                              00000002
FSR                               00000004
GCEN                              00000007
GIE                               00000007
GO                                00000002
GO_DONE                           00000002
GO_NOT_DONE                       00000002
I2C_DATA                          00000005
I2C_READ                          00000002
I2C_START                         00000003
I2C_STOP                          00000004
IBF                               00000007
IBOV                              00000005
INDF                              00000000
INTCON                            0000000B
INTE                              00000004
INTEDG                            00000006
INTF                              00000001
IRP                               00000007
NOT_A                             00000005
NOT_ADDRESS                       00000005
MPASM  5.42      RELOGIO - THIAGO AUGUSTO.ASM   7-21-2023  15:20:51         PAGE 14


SYMBOL TABLE
  LABEL                             VALUE 

NOT_BO                            00000000
NOT_BOR                           00000000
NOT_DONE                          00000002
NOT_PD                            00000003
NOT_POR                           00000001
NOT_RBPU                          00000007
NOT_RC8                           00000006
NOT_T1SYNC                        00000002
NOT_TO                            00000004
NOT_TX8                           00000006
NOT_W                             00000002
NOT_WRITE                         00000002
OBF                               00000006
OERR                              00000001
OPTION_REG                        00000081
P                                 00000004
PCFG0                             00000000
PCFG1                             00000001
PCFG2                             00000002
PCFG3                             00000003
PCL                               00000002
PCLATH                            0000000A
PCON                              0000008E
PEIE                              00000006
PEN                               00000002
PIE1                              0000008C
PIE2                              0000008D
PIR1                              0000000C
PIR2                              0000000D
PORTA                             00000005
PORTB                             00000006
PORTC                             00000007
PORTD                             00000008
PORTE                             00000009
PR2                               00000092
PS0                               00000000
PS1                               00000001
PS2                               00000002
PSA                               00000003
PSPIE                             00000007
PSPIF                             00000007
PSPMODE                           00000004
R                                 00000002
RA0                               00000000
RA1                               00000001
RA2                               00000002
RA3                               00000003
RA4                               00000004
RA5                               00000005
RB0                               00000000
RB1                               00000001
RB2                               00000002
RB3                               00000003
MPASM  5.42      RELOGIO - THIAGO AUGUSTO.ASM   7-21-2023  15:20:51         PAGE 15


SYMBOL TABLE
  LABEL                             VALUE 

RB4                               00000004
RB5                               00000005
RB6                               00000006
RB7                               00000007
RBIE                              00000003
RBIF                              00000000
RC0                               00000000
RC1                               00000001
RC2                               00000002
RC3                               00000003
RC4                               00000004
RC5                               00000005
RC6                               00000006
RC7                               00000007
RC8_9                             00000006
RC9                               00000006
RCD8                              00000000
RCEN                              00000003
RCIE                              00000005
RCIF                              00000005
RCREG                             0000001A
RCSTA                             00000018
RD                                00000000
RD0                               00000000
RD1                               00000001
RD2                               00000002
RD3                               00000003
RD4                               00000004
RD5                               00000005
RD6                               00000006
RD7                               00000007
RE0                               00000000
RE1                               00000001
RE2                               00000002
READ_WRITE                        00000002
RP0                               00000005
RP1                               00000006
RSEN                              00000001
RX9                               00000006
RX9D                              00000000
R_NOT_W                           00000002
R_W                               00000002
S                                 00000003
SEN                               00000000
SMP                               00000007
SPBRG                             00000099
SPEN                              00000007
SREN                              00000005
SSPADD                            00000093
SSPBUF                            00000013
SSPCON                            00000014
SSPCON2                           00000091
SSPEN                             00000005
MPASM  5.42      RELOGIO - THIAGO AUGUSTO.ASM   7-21-2023  15:20:51         PAGE 16


SYMBOL TABLE
  LABEL                             VALUE 

SSPIE                             00000003
SSPIF                             00000003
SSPM0                             00000000
SSPM1                             00000001
SSPM2                             00000002
SSPM3                             00000003
SSPOV                             00000006
SSPSTAT                           00000094
STATUS                            00000003
SYNC                              00000004
T0CS                              00000005
T0IE                              00000005
T0IF                              00000002
T0SE                              00000004
T1CKPS0                           00000004
T1CKPS1                           00000005
T1CON                             00000010
T1INSYNC                          00000002
T1OSCEN                           00000003
T1SYNC                            00000002
T2CKPS0                           00000000
T2CKPS1                           00000001
T2CON                             00000012
TMR0                              00000001
TMR0IE                            00000005
TMR0IF                            00000002
TMR1CS                            00000001
TMR1H                             0000000F
TMR1IE                            00000000
TMR1IF                            00000000
TMR1L                             0000000E
TMR1ON                            00000000
TMR2                              00000011
TMR2IE                            00000001
TMR2IF                            00000001
TMR2ON                            00000002
TOUTPS0                           00000003
TOUTPS1                           00000004
TOUTPS2                           00000005
TOUTPS3                           00000006
TRISA                             00000085
TRISA0                            00000000
TRISA1                            00000001
TRISA2                            00000002
TRISA3                            00000003
TRISA4                            00000004
TRISA5                            00000005
TRISB                             00000086
TRISB0                            00000000
TRISB1                            00000001
TRISB2                            00000002
TRISB3                            00000003
TRISB4                            00000004
MPASM  5.42      RELOGIO - THIAGO AUGUSTO.ASM   7-21-2023  15:20:51         PAGE 17


SYMBOL TABLE
  LABEL                             VALUE 

TRISB5                            00000005
TRISB6                            00000006
TRISB7                            00000007
TRISC                             00000087
TRISC0                            00000000
TRISC1                            00000001
TRISC2                            00000002
TRISC3                            00000003
TRISC4                            00000004
TRISC5                            00000005
TRISC6                            00000006
TRISC7                            00000007
TRISD                             00000088
TRISD0                            00000000
TRISD1                            00000001
TRISD2                            00000002
TRISD3                            00000003
TRISD4                            00000004
TRISD5                            00000005
TRISD6                            00000006
TRISD7                            00000007
TRISE                             00000089
TRISE0                            00000000
TRISE1                            00000001
TRISE2                            00000002
TRMT                              00000001
TX8_9                             00000006
TX9                               00000006
TX9D                              00000000
TXD8                              00000000
TXEN                              00000005
TXIE                              00000004
TXIF                              00000004
TXREG                             00000019
TXSTA                             00000098
UA                                00000001
W                                 00000000
WCOL                              00000007
WR                                00000001
WREN                              00000002
WRERR                             00000003
Z                                 00000002
_BODEN_OFF                        00003FBF
_BODEN_ON                         00003FFF
_CONFIG                           00002007
_CPD_OFF                          00003FFF
_CPD_ON                           00003EFF
_CP_ALL                           00001FFF
_CP_OFF                           00003FFF
_DEBUG_OFF                        00003FFF
_DEBUG_ON                         000037FF
_DEVID1                           00002006
_HS_OSC                           00003FFE
MPASM  5.42      RELOGIO - THIAGO AUGUSTO.ASM   7-21-2023  15:20:51         PAGE 18


SYMBOL TABLE
  LABEL                             VALUE 

_IDLOC0                           00002000
_IDLOC1                           00002001
_IDLOC2                           00002002
_IDLOC3                           00002003
_LP_OSC                           00003FFC
_LVP_OFF                          00003F7F
_LVP_ON                           00003FFF
_PWRTE_OFF                        00003FFF
_PWRTE_ON                         00003FF7
_RC_OSC                           00003FFF
_WDT_OFF                          00003FFB
_WDT_ON                           00003FFF
_WRT_1FOURTH                      00003BFF
_WRT_256                          00003DFF
_WRT_HALF                         000039FF
_WRT_OFF                          00003FFF
_XT_OSC                           00003FFD
__16F877A                         00000001
ajustHoraD                        000000DF
ajustHoraU                        00000111
atraso                            000000BC
contagens                         00000140
display                           0000002B
exibirHHMM                        0000004B
exibirMMSS                        00000082
flags                             0000002A
hex7seg                           00000200
horaD                             00000027
horaU                             00000026
inicio                            0000002C
inter                             000000CA
minD                              00000025
minU                              00000024
s_temp                            00000029
segd                              00000023
segu                              00000022
temp                              00000020
w_temp                            00000028


MEMORY USAGE MAP ('X' = Used,  '-' = Unused)

0000 : X---X----------- ---------------- XXXXXXXXXXXXXXXX XXXXXXXXXXXXXXXX
0040 : XXXXXXXXXXXXXXXX XXXXXXXXXXXXXXXX XXXXXXXXXXXXXXXX XXXXXXXXXXXXXXXX
0080 : XXXXXXXXXXXXXXXX XXXXXXXXXXXXXXXX XXXXXXXXXXXXXXXX XXXXXXXXXXXXXXXX
00C0 : XXXXXXXXXXXXXXXX XXXXXXXXXXXXXXXX XXXXXXXXXXXXXXXX XXXXXXXXXXXXXXXX
MPASM  5.42      RELOGIO - THIAGO AUGUSTO.ASM   7-21-2023  15:20:51         PAGE 19


MEMORY USAGE MAP ('X' = Used,  '-' = Unused)


0100 : XXXXXXXXXXXXXXXX XXXXXXXXXXXXXXXX XXXXXXXXXXXXXXXX XXXXXXXXXXXXXXXX
0140 : XXXXXXXXXXXXXXXX XXXXXXXXXXXXXXXX XXXXXXXXXXXXXXXX XXXXXXXX--------
0200 : XXXXXXXXXXXXXXXX XX-------------- ---------------- ----------------
2000 : -------X-------- ---------------- ---------------- ----------------

All other memory blocks unused.

Program Memory Words Used:   364
Program Memory Words Free:  7828


Errors   :     0
Warnings :     2 reported,     0 suppressed
Messages :    14 reported,     0 suppressed

